﻿
> githubcdn@0.1.0 build
> opennextjs-cloudflare build


ΓöîΓöÇΓöÇΓöÇΓöÇΓöÇΓöÇΓöÇΓöÇΓöÇΓöÇΓöÇΓöÇΓöÇΓöÇΓöÇΓöÇΓöÇΓöÇΓöÇΓöÇΓöÇΓöÇΓöÇΓöÇΓöÇΓöÇΓöÇΓöÇΓöÇΓöÉ
Γöé OpenNext ΓÇö Cloudflare build Γöé
ΓööΓöÇΓöÇΓöÇΓöÇΓöÇΓöÇΓöÇΓöÇΓöÇΓöÇΓöÇΓöÇΓöÇΓöÇΓöÇΓöÇΓöÇΓöÇΓöÇΓöÇΓöÇΓöÇΓöÇΓöÇΓöÇΓöÇΓöÇΓöÇΓöÇΓöÿ

node.exe : WARN OpenNext is not fully 
compatible with Windows.
At C:\Program Files\nodejs\npm.ps1:29 char:3
+   & $NODE_EXE $NPM_CLI_JS $args
+   ~~~~~~~~~~~~~~~~~~~~~~~~~~~~~
    + CategoryInfo          : NotSpecified: 
    (WARN OpenNext i...e with Windows.:Str  
  ing) [], RemoteException
    + FullyQualifiedErrorId : NativeCommand 
   Error
 
WARN For optimal performance, it is 
recommended to use Windows Subsystem for 
Linux (WSL).
WARN While OpenNext may function on 
Windows, it could encounter unpredictable 
failures during runtime.
(node:10428) [DEP0040] DeprecationWarning: 
The `punycode` module is deprecated. Please 
use a userland alternative instead.
(Use `node --trace-deprecation ...` to show 
where the warning was created)
file:///E:/Research/prototype/github_cdn/nod
e_modules/@opennextjs/cloudflare/dist/cli/bu
ild/utils/ensure-cf-config.js:62
        throw new Error(errorMessage);
              ^

Error: The `open-next.config.ts` should 
have a default export like this:

{
  default: {
    override: {
      wrapper: "cloudflare-node",
      converter: "edge",
      proxyExternalRequest: "fetch",
      incrementalCache: "dummy" | function,
      tagCache: "dummy" | function,
      queue: "dummy" | "direct" | function,
    },
  },
  edgeExternals: ["node:crypto"],
  middleware: {
    external: true,
    override: {
      wrapper: "cloudflare-edge",
      converter: "edge",
      proxyExternalRequest: "fetch",
      incrementalCache: "dummy" | function,
      tagCache: "dummy" | function,
      queue: "dummy" | "direct" | function,
    },
  },
}


    at ensureCloudflareConfig (file:///E:/Re
search/prototype/github_cdn/node_modules/@op
ennextjs/cloudflare/dist/cli/build/utils/ens
ure-cf-config.js:62:15)
    at compileConfig (file:///E:/Research/pr
ototype/github_cdn/node_modules/@opennextjs/
cloudflare/dist/cli/commands/utils/utils.js:
51:5)
    at async buildCommand (file:///E:/Resear
ch/prototype/github_cdn/node_modules/@openne
xtjs/cloudflare/dist/cli/commands/build.js:1
3:34)

Node.js v23.6.0
